15:22:28 **** Incremental Build of configuration Debug for project lab3 ****
make -j6 all 
arm-none-eabi-gcc "../Core/Src/main.c" -mcpu=cortex-m4 -std=gnu11 -g3 -DDEBUG -DUSE_HAL_DRIVER -DSTM32F407xx -c -I../Core/Inc -I../Drivers/STM32F4xx_HAL_Driver/Inc -I../Drivers/STM32F4xx_HAL_Driver/Inc/Legacy -I../Drivers/CMSIS/Device/ST/STM32F4xx/Include -I../Drivers/CMSIS/Include -O0 -ffunction-sections -fdata-sections -Wall -fstack-usage -fcyclomatic-complexity -MMD -MP -MF"Core/Src/main.d" -MT"Core/Src/main.o" --specs=nano.specs -mfpu=fpv4-sp-d16 -mfloat-abi=hard -mthumb -o "Core/Src/main.o"
arm-none-eabi-gcc -o "lab3.elf" @"objects.list"   -mcpu=cortex-m4 -T"C:\Users\eroto\STM32CubeIDE\workspace_1.16.1\lab3\STM32F407VGTX_FLASH.ld" --specs=nosys.specs -Wl,-Map="lab3.map" -Wl,--gc-sections -static --specs=nano.specs -mfpu=fpv4-sp-d16 -mfloat-abi=hard -mthumb -Wl,--start-group -lc -lm -Wl,--end-group
Finished building target: lab3.elf
 
arm-none-eabi-size  lab3.elf 
arm-none-eabi-objdump -h -S lab3.elf  > "lab3.list"
   text	   data	    bss	    dec	    hex	filename
  10228	     12	   1644	  11884	   2e6c	lab3.elf
Finished building: default.size.stdout
 
Finished building: lab3.list
 

15:22:29 Build Finished. 0 errors, 0 warnings. (took 1s.170ms)

